// Jest Snapshot v1, https://goo.gl/fbAQLP

exports[`Favorites renders correctly 1`] = `
.c0 {
  display: -webkit-box;
  display: -webkit-flex;
  display: -ms-flexbox;
  display: flex;
  -webkit-flex-direction: column;
  -ms-flex-direction: column;
  flex-direction: column;
}

.c1 {
  background: transparent;
  border-radius: 3px;
  border: 3px solid white;
  color: white;
  margin: 0.5em 1em;
  font-family: 'Oxygen',sans-serif;
  padding: 0.4em 0.8em;
}

.c1:hover {
  background: #260A13;
}

<div
  className="c0"
>
  <button
    className="c1"
    onClick={[Function]}
  >
    Set as favorite
  </button>
  <p>
     Your favorites: 
  </p>
</div>
`;
